<?php return array (
  0 => 'Symfony\\Bundle\\FrameworkBundle\\Controller\\AbstractController',
  1 => 'App\\Controller\\RootController',
  2 => 'App\\Controller\\auth\\AuthController',
  3 => 'App\\Controller\\chatbot\\ChatbotController',
  4 => 'App\\Controller\\create_job\\CreateJobController',
  5 => 'App\\Controller\\events\\EventsController',
  6 => 'App\\Controller\\explore\\ExploreController',
  7 => 'App\\Controller\\group\\GroupController',
  8 => 'App\\Controller\\jobapplications\\JobApplicationsController',
  9 => 'App\\Controller\\jobfeed\\JobFeedController',
  10 => 'App\\Controller\\organizer\\OrganizerController',
  11 => 'App\\Controller\\profile\\ProfileController',
  12 => 'App\\Controller\\social\\SocialController',
  13 => 'App\\Entity\\Applications',
  14 => 'App\\Entity\\Category',
  15 => 'App\\Entity\\Comments',
  16 => 'App\\Entity\\Conversion',
  17 => 'App\\Entity\\Events',
  18 => 'App\\Entity\\FeedPosts',
  19 => 'App\\Entity\\GroupFeedPosts',
  20 => 'App\\Entity\\GroupMembers',
  21 => 'App\\Entity\\HistoriquePoints',
  22 => 'App\\Entity\\Jobs',
  23 => 'App\\Entity\\Likes',
  24 => 'App\\Entity\\Messages',
  25 => 'App\\Entity\\Participation',
  26 => 'App\\Entity\\Reviews',
  27 => 'App\\Entity\\Rewards',
  28 => 'App\\Entity\\Roulette',
  29 => 'App\\Entity\\Shares',
  30 => 'App\\Entity\\TransactionArgent',
  31 => 'App\\Entity\\UserGroups',
  32 => 'App\\Entity\\UserIntrests',
  33 => 'App\\Entity\\UserMessages',
  34 => 'App\\Entity\\UserProfile',
  35 => 'App\\Entity\\UserRewards',
  36 => 'App\\Entity\\Users',
  37 => 'App\\Entity\\VisiteUtilisateur',
  38 => 'App\\Entity\\WorkerRaitings',
  39 => 'Doctrine\\Bundle\\DoctrineBundle\\Controller\\ProfilerController',
  40 => 'Doctrine\\ORM\\Cache\\Persister\\Entity\\AbstractEntityPersister',
  41 => 'Doctrine\\ORM\\Cache\\Persister\\Entity\\CachedEntityPersister',
  42 => 'Doctrine\\ORM\\Cache\\Persister\\Entity\\NonStrictReadWriteCachedEntityPersister',
  43 => 'Doctrine\\ORM\\Cache\\Persister\\Entity\\ReadOnlyCachedEntityPersister',
  44 => 'Doctrine\\ORM\\Cache\\Persister\\Entity\\ReadWriteCachedEntityPersister',
  45 => 'Doctrine\\ORM\\Persisters\\Entity\\AbstractEntityInheritancePersister',
  46 => 'Doctrine\\ORM\\Persisters\\Entity\\BasicEntityPersister',
  47 => 'Doctrine\\ORM\\Persisters\\Entity\\CachedPersisterContext',
  48 => 'Doctrine\\ORM\\Persisters\\Entity\\EntityPersister',
  49 => 'Doctrine\\ORM\\Persisters\\Entity\\JoinedSubclassPersister',
  50 => 'Doctrine\\ORM\\Persisters\\Entity\\SingleTablePersister',
  52 => 'Symfony\\Bundle\\FrameworkBundle\\Controller\\ControllerResolver',
  53 => 'Symfony\\Bundle\\FrameworkBundle\\Controller\\RedirectController',
  54 => 'Symfony\\Bundle\\FrameworkBundle\\Controller\\TemplateController',
  55 => 'Symfony\\Bundle\\WebProfilerBundle\\Controller\\ExceptionPanelController',
  56 => 'Symfony\\Bundle\\WebProfilerBundle\\Controller\\ProfilerController',
  57 => 'Symfony\\Bundle\\WebProfilerBundle\\Controller\\RouterController',
  58 => 'Symfony\\Component\\HttpKernel\\Controller\\ArgumentResolver',
  59 => 'Symfony\\Component\\HttpKernel\\Controller\\ArgumentResolverInterface',
  60 => 'Symfony\\Component\\HttpKernel\\Controller\\ArgumentResolver\\BackedEnumValueResolver',
  61 => 'Symfony\\Component\\HttpKernel\\Controller\\ArgumentResolver\\DateTimeValueResolver',
  62 => 'Symfony\\Component\\HttpKernel\\Controller\\ArgumentResolver\\DefaultValueResolver',
  63 => 'Symfony\\Component\\HttpKernel\\Controller\\ArgumentResolver\\NotTaggedControllerValueResolver',
  64 => 'Symfony\\Component\\HttpKernel\\Controller\\ArgumentResolver\\RequestAttributeValueResolver',
  65 => 'Symfony\\Component\\HttpKernel\\Controller\\ArgumentResolver\\RequestValueResolver',
  66 => 'Symfony\\Component\\HttpKernel\\Controller\\ArgumentResolver\\ServiceValueResolver',
  67 => 'Symfony\\Component\\HttpKernel\\Controller\\ArgumentResolver\\SessionValueResolver',
  68 => 'Symfony\\Component\\HttpKernel\\Controller\\ArgumentResolver\\TraceableValueResolver',
  69 => 'Symfony\\Component\\HttpKernel\\Controller\\ArgumentResolver\\UidValueResolver',
  70 => 'Symfony\\Component\\HttpKernel\\Controller\\ArgumentResolver\\VariadicValueResolver',
  71 => 'Symfony\\Component\\HttpKernel\\Controller\\ArgumentValueResolverInterface',
  72 => 'Symfony\\Component\\HttpKernel\\Controller\\ContainerControllerResolver',
  73 => 'Symfony\\Component\\HttpKernel\\Controller\\ControllerReference',
  74 => 'Symfony\\Component\\HttpKernel\\Controller\\ControllerResolver',
  75 => 'Symfony\\Component\\HttpKernel\\Controller\\ControllerResolverInterface',
  76 => 'Symfony\\Component\\HttpKernel\\Controller\\ErrorController',
  77 => 'Symfony\\Component\\HttpKernel\\Controller\\TraceableArgumentResolver',
  78 => 'Symfony\\Component\\HttpKernel\\Controller\\TraceableControllerResolver',
  79 => 'Symfony\\Component\\Security\\Http\\Controller\\UserValueResolver',
);